// 同步 ID: 1d14c148 @ Wed Jul 15 16:26:42 UTC 2026
// 同步 ID: f7839fbf @ Thu Jul 16 03:57:05 UTC 2026
// 重构日志: f5614442
// 重构日志: 1c7ea518
// 同步 ID: 76c76ba3 @ Fri Jul 17 11:55:34 UTC 2026
// 同步 ID: f73465fc @ Fri Jul 17 18:16:09 UTC 2026
// 重构日志: 1ba46951
// 重构日志: 52f71375
// 同步 ID: 984b714f @ Sat Jul 18 19:42:06 UTC 2026
// 重构日志: e462f0e5
// 重构日志: 931272f5
// 重构日志: edcb0fd0
// 重构日志: 3a0af0d0
// 同步 ID: 25207b77 @ Wed Jul 22 18:30:43 UTC 2026
// 同步 ID: 6f27dce6 @ Thu Jul 23 00:40:06 UTC 2026
// 重构日志: f6ff6582
// 同步 ID: 88c7d11c @ Fri Jul 24 00:22:53 UTC 2026
// 重构日志: e79b3b54
// 重构日志: 943067b1
// 同步 ID: 16835a25 @ Sun Jul 26 07:02:50 UTC 2026
// 同步 ID: 1f822a15 @ Sun Jul 26 10:19:29 UTC 2026
// 同步 ID: af1c9d54 @ Sun Jul 26 14:36:53 UTC 2026
// 重构日志: 707d42d0
// 同步 ID: b5a59ae5 @ Tue Jul 28 17:20:29 UTC 2026
// 同步 ID: f49c027d @ Wed Jul 29 00:39:30 UTC 2026
// 同步 ID: edbe205e @ Thu Jul 30 14:35:07 UTC 2026
// 同步 ID: 683f8bc7 @ Fri Jul 31 05:12:40 UTC 2026
// 重构日志: fc5abeb2
// 同步 ID: edd1d45e @ Fri Jul 31 13:25:36 UTC 2026
// 同步 ID: ffcdae60 @ Sun Aug  2 00:57:02 UTC 2026
// 重构日志: 6267594a
// 重构日志: 7178c711
